---
http_interactions:
- request:
    method: get
    uri: "<salesforce_instance_url>/services/data/v51.0/query?q=SELECT%20Id,%20Name,%20BillingCity,%20BillingState,%20BillingCountry,%20Type,%20School_Location__c,%20SheerID_School_Name__c,%20K_I_P__c,%20child_of_kip__c,%20Total_School_Enrollment__c%20FROM%20Account%20WHERE%20(RecordType.Name%20=%20%27School%27)%20AND%20(Name%20IN%20(%27RSpec%20University%27))"
    body:
      encoding: US-ASCII
      string: ''
    headers:
      User-Agent:
      - Faraday v1.0.1
      Authorization:
      - OAuth <salesforce_access_token>
      Accept-Encoding:
      - gzip;q=1.0,deflate;q=0.6,identity;q=0.3
      Accept:
      - "*/*"
  response:
    status:
      code: 200
      message: OK
    headers:
      Date:
      - Wed, 15 Nov 2023 17:10:28 GMT
      Content-Type:
      - application/json;charset=UTF-8
      Transfer-Encoding:
      - chunked
      Connection:
      - keep-alive
      Set-Cookie:
      - BrowserId=4BaMWIPZEe6_Tgf-uW56yQ; domain=.salesforce.com; path=/; expires=Thu,
        14-Nov-2024 17:10:28 GMT; Max-Age=31536000
      - CookieConsentPolicy=0:1; path=/; expires=Thu, 14-Nov-2024 17:10:28 GMT; Max-Age=31536000
      - LSKey-c$CookieConsentPolicy=0:1; path=/; expires=Thu, 14-Nov-2024 17:10:28
        GMT; Max-Age=31536000
      Strict-Transport-Security:
      - max-age=63072000; includeSubDomains
      X-Content-Type-Options:
      - nosniff
      X-Xss-Protection:
      - 1; mode=block
      X-Robots-Tag:
      - none
      Cache-Control:
      - no-cache,must-revalidate,max-age=0,no-store,private
      Sforce-Limit-Info:
      - api-usage=201/5000000
      Vary:
      - Accept-Encoding
      Server:
      - sfdcedge
      X-Sfdc-Request-Id:
      - dec9790c179a16394c1ad0e0c68a2261
      X-Sfdc-Edge-Cache:
      - MISS
    body:
      encoding: ASCII-8BIT
      string: '{"totalSize":1,"done":true,"records":[{"attributes":{"type":"Account","url":"/services/data/v51.0/sobjects/Account/0010400001ayViVAAU"},"Id":"0010400001ayViVAAU","Name":"RSpec
        University","BillingCity":null,"BillingState":null,"BillingCountry":"United
        States","Type":null,"School_Location__c":"Domestic","SheerID_School_Name__c":null,"K_I_P__c":false,"child_of_kip__c":false,"Total_School_Enrollment__c":null}]}'
    http_version:
  recorded_at: Wed, 15 Nov 2023 17:10:28 GMT
- request:
    method: post
    uri: "<salesforce_instance_url>/services/data/v51.0/sobjects/Contact"
    body:
      encoding: UTF-8
      string: '{"FirstName":"Dia","LastName":"Crooks","Email":"dulce@example.net","AccountId":"0010400001ayViVAAU"}'
    headers:
      User-Agent:
      - Faraday v1.0.1
      Content-Type:
      - application/json
      Authorization:
      - OAuth <salesforce_access_token>
      Accept-Encoding:
      - gzip;q=1.0,deflate;q=0.6,identity;q=0.3
      Accept:
      - "*/*"
  response:
    status:
      code: 201
      message: Created
    headers:
      Date:
      - Wed, 15 Nov 2023 17:10:31 GMT
      Content-Type:
      - application/json;charset=UTF-8
      Transfer-Encoding:
      - chunked
      Connection:
      - keep-alive
      Set-Cookie:
      - BrowserId=4GaBOIPZEe6_Tgf-uW56yQ; domain=.salesforce.com; path=/; expires=Thu,
        14-Nov-2024 17:10:29 GMT; Max-Age=31536000
      - CookieConsentPolicy=0:1; path=/; expires=Thu, 14-Nov-2024 17:10:29 GMT; Max-Age=31536000
      - LSKey-c$CookieConsentPolicy=0:1; path=/; expires=Thu, 14-Nov-2024 17:10:29
        GMT; Max-Age=31536000
      Strict-Transport-Security:
      - max-age=63072000; includeSubDomains
      X-Content-Type-Options:
      - nosniff
      X-Xss-Protection:
      - 1; mode=block
      X-Robots-Tag:
      - none
      Cache-Control:
      - no-cache,must-revalidate,max-age=0,no-store,private
      Sforce-Limit-Info:
      - api-usage=202/5000000
      Location:
      - "/services/data/v51.0/sobjects/Contact/0030400000gHL6AAAW"
      Vary:
      - Accept-Encoding
      Server:
      - sfdcedge
      X-Sfdc-Request-Id:
      - 19f73a0c20fe6370ecc14c51104bbeb7
    body:
      encoding: ASCII-8BIT
      string: '{"id":"0030400000gHL6AAAW","success":true,"errors":[]}'
    http_version:
  recorded_at: Wed, 15 Nov 2023 17:10:31 GMT
- request:
    method: get
    uri: "<salesforce_instance_url>/services/data/v51.0/query?q=SELECT%20Id,%20Name,%20FirstName,%20LastName,%20Email,%20Email_alt__c,%20Faculty_Confirmed_Date__c,%20FV_Status__c,%20LastModifiedDate,%20AccountId,%20School_Type__c,%20SendFacultyVerificationTo__c,%20All_Emails__c,%20Adoption_Status__c,%20Grant_Tutor_Access__c,%20Title_1_school__c,%20Accounts_UUID__c,%20LeadSource,%20Signup_Date__c,%20Renewal_Eligible__c%20FROM%20Contact%20WHERE%20(Id%20=%20%270030400000gHL6AAAW%27)%20LIMIT%201"
    body:
      encoding: US-ASCII
      string: ''
    headers:
      User-Agent:
      - Faraday v1.0.1
      Authorization:
      - OAuth <salesforce_access_token>
      Accept-Encoding:
      - gzip;q=1.0,deflate;q=0.6,identity;q=0.3
      Accept:
      - "*/*"
  response:
    status:
      code: 200
      message: OK
    headers:
      Date:
      - Wed, 15 Nov 2023 17:10:32 GMT
      Content-Type:
      - application/json;charset=UTF-8
      Transfer-Encoding:
      - chunked
      Connection:
      - keep-alive
      Set-Cookie:
      - BrowserId=4kJs24PZEe61qBff-lv0pA; domain=.salesforce.com; path=/; expires=Thu,
        14-Nov-2024 17:10:32 GMT; Max-Age=31536000
      - CookieConsentPolicy=0:1; path=/; expires=Thu, 14-Nov-2024 17:10:32 GMT; Max-Age=31536000
      - LSKey-c$CookieConsentPolicy=0:1; path=/; expires=Thu, 14-Nov-2024 17:10:32
        GMT; Max-Age=31536000
      Strict-Transport-Security:
      - max-age=63072000; includeSubDomains
      X-Content-Type-Options:
      - nosniff
      X-Xss-Protection:
      - 1; mode=block
      X-Robots-Tag:
      - none
      Cache-Control:
      - no-cache,must-revalidate,max-age=0,no-store,private
      Sforce-Limit-Info:
      - api-usage=201/5000000
      Vary:
      - Accept-Encoding
      Server:
      - sfdcedge
      X-Sfdc-Request-Id:
      - 36e81a5f72910a04a027256255b37c27
      X-Sfdc-Edge-Cache:
      - MISS
    body:
      encoding: ASCII-8BIT
      string: '{"totalSize":1,"done":true,"records":[{"attributes":{"type":"Contact","url":"/services/data/v51.0/sobjects/Contact/0030400000gHL6AAAW"},"Id":"0030400000gHL6AAAW","Name":"Dia
        Crooks","FirstName":"Dia","LastName":"Crooks","Email":"dulce@example.net","Email_alt__c":null,"Faculty_Confirmed_Date__c":null,"FV_Status__c":null,"LastModifiedDate":"2023-11-15T17:10:31.000+0000","AccountId":"0010400001ayViVAAU","School_Type__c":null,"SendFacultyVerificationTo__c":null,"All_Emails__c":"dulce@example.net","Adoption_Status__c":"Not
        Adopter","Grant_Tutor_Access__c":false,"Title_1_school__c":false,"Accounts_UUID__c":null,"LeadSource":null,"Signup_Date__c":null,"Renewal_Eligible__c":false}]}'
    http_version:
  recorded_at: Wed, 15 Nov 2023 17:10:32 GMT
recorded_with: VCR 3.0.3
