---
http_interactions:
- request:
    method: post
    uri: "<tutor_specs_instance_url>/services/data/v37.0/sobjects/Lead"
    body:
      encoding: UTF-8
      string: '{"LastName":"Hansen_unique_token","Company":"JP University","Email":"f@f.com","LeadSource":"OSC
        Faculty"}'
    headers:
      User-Agent:
      - Faraday v0.9.2
      Content-Type:
      - application/json
      Authorization:
      - OAuth <tutor_specs_oauth_token>
      Accept-Encoding:
      - gzip;q=1.0,deflate;q=0.6,identity;q=0.3
      Accept:
      - "*/*"
  response:
    status:
      code: 201
      message: Created
    headers:
      Date:
      - Tue, 23 May 2017 20:28:52 GMT
      X-Content-Type-Options:
      - nosniff
      X-Xss-Protection:
      - 1; mode=block
      Content-Security-Policy:
      - referrer origin-when-cross-origin
      - reflected-xss block;report-uri /_/ContentDomainCSPNoAuth?type=xss
      Set-Cookie:
      - BrowserId=d4oNy5pBRKqSOuriNf1jAg;Path=/;Domain=.salesforce.com;Expires=Sat,
        22-Jul-2017 20:28:52 GMT
      Expires:
      - Thu, 01 Jan 1970 00:00:00 GMT
      Sforce-Limit-Info:
      - api-usage=84/48000
      Location:
      - "/services/data/v37.0/sobjects/Lead/00Q0v0000010Sa3EAE"
      Content-Type:
      - application/json;charset=UTF-8
      Vary:
      - Accept-Encoding
      Transfer-Encoding:
      - chunked
    body:
      encoding: ASCII-8BIT
      string: '{"id":"00Q0v0000010Sa3EAE","success":true,"errors":[]}'
    http_version: 
  recorded_at: Tue, 23 May 2017 20:28:53 GMT
- request:
    method: get
    uri: "<tutor_specs_instance_url>/services/data/v37.0/query?q=SELECT%20Id,%20Email,%20Email_alt__c,%20Faculty_Verified__c,%20School_Type__c%20FROM%20Contact%20WHERE%20(LastName%20LIKE%20%27%25_unique_token%27)"
    body:
      encoding: US-ASCII
      string: ''
    headers:
      User-Agent:
      - Faraday v0.9.2
      Authorization:
      - OAuth <tutor_specs_oauth_token>
      Accept-Encoding:
      - gzip;q=1.0,deflate;q=0.6,identity;q=0.3
      Accept:
      - "*/*"
  response:
    status:
      code: 200
      message: OK
    headers:
      Date:
      - Tue, 23 May 2017 20:28:53 GMT
      X-Content-Type-Options:
      - nosniff
      X-Xss-Protection:
      - 1; mode=block
      Content-Security-Policy:
      - referrer origin-when-cross-origin
      - reflected-xss block;report-uri /_/ContentDomainCSPNoAuth?type=xss
      Set-Cookie:
      - BrowserId=Kl3ey-S1TsapoW_AmVk5og;Path=/;Domain=.salesforce.com;Expires=Sat,
        22-Jul-2017 20:28:53 GMT
      Expires:
      - Thu, 01 Jan 1970 00:00:00 GMT
      Sforce-Limit-Info:
      - api-usage=85/48000
      Content-Type:
      - application/json;charset=UTF-8
      Vary:
      - Accept-Encoding
      Transfer-Encoding:
      - chunked
    body:
      encoding: ASCII-8BIT
      string: '{"totalSize":0,"done":true,"records":[]}'
    http_version: 
  recorded_at: Tue, 23 May 2017 20:28:53 GMT
- request:
    method: get
    uri: "<tutor_specs_instance_url>/services/data/v37.0/query?q=SELECT%20Id,%20Email%20FROM%20Lead%20WHERE%20(LastName%20LIKE%20%27%25_unique_token%27)%20AND%20(LeadSource%20=%20%27OSC%20Faculty%27)"
    body:
      encoding: US-ASCII
      string: ''
    headers:
      User-Agent:
      - Faraday v0.9.2
      Authorization:
      - OAuth <tutor_specs_oauth_token>
      Accept-Encoding:
      - gzip;q=1.0,deflate;q=0.6,identity;q=0.3
      Accept:
      - "*/*"
  response:
    status:
      code: 200
      message: OK
    headers:
      Date:
      - Tue, 23 May 2017 20:28:54 GMT
      X-Content-Type-Options:
      - nosniff
      X-Xss-Protection:
      - 1; mode=block
      Content-Security-Policy:
      - referrer origin-when-cross-origin
      - reflected-xss block;report-uri /_/ContentDomainCSPNoAuth?type=xss
      Set-Cookie:
      - BrowserId=8Wls7-06Tt2n6tPyXMucSQ;Path=/;Domain=.salesforce.com;Expires=Sat,
        22-Jul-2017 20:28:54 GMT
      Expires:
      - Thu, 01 Jan 1970 00:00:00 GMT
      Sforce-Limit-Info:
      - api-usage=85/48000
      Content-Type:
      - application/json;charset=UTF-8
      Vary:
      - Accept-Encoding
      Transfer-Encoding:
      - chunked
    body:
      encoding: ASCII-8BIT
      string: '{"totalSize":1,"done":true,"records":[{"attributes":{"type":"Lead","url":"/services/data/v37.0/sobjects/Lead/00Q0v0000010Sa3EAE"},"Id":"00Q0v0000010Sa3EAE","Email":"f@f.com"}]}'
    http_version: 
  recorded_at: Tue, 23 May 2017 20:28:54 GMT
recorded_with: VCR 3.0.3
